Attempting mapping at address 0x7f9891f62000 with size 0x940
mapping successful: 0x7f9891f62000
marking executable range: 0x7f9891f62000-0x7f9891f63000
Attempting mapping at address 0x7f9891f81000 with size 0x1038
mapping successful: 0x7f9891f81000
zeroing out from 7f9891f82030 to 7f9891f83000
0x7f9891f62400: invalid instruction                                                   0x7f9891f7d000: nop
0x7f9891f62404: invalid instruction                                                   0x7f9891f7d001: nop
0x7f9891f62408: ldp d18, d29, [x3, #0x1f0]                                            0x7f9891f7d002: nop
0x7f9891f6240c: invalid instruction                                                   
0x7f9891f62410: invalid instruction                                                   0x7f9891f7d003: nop
0x7f9891f62414: ldpsw x1, x23, [x27, #0xffffffffffffff30]                             0x7f9891f7d004: nop
0x7f9891f62418: ldpsw x14, x24, [x11, #0xffffffffffffff60]                            
0x7f9891f6241c: invalid instruction                                                   
0x7f9891f62420: invalid instruction                                                   0x7f9891f7d005: nop
0x7f9891f62424: invalid instruction                                                   0x7f9891f7d006: nop
0x7f9891f62428: invalid instruction                                                   0x7f9891f7d007: nop
0x7f9891f6242c: invalid instruction                                                   0x7f9891f7d008: nop
0x7f9891f62430: invalid instruction                                                   0x7f9891f7d009: nop
0x7f9891f62434: cmn w18, #0xb8c                                                       0x7f9891f7d00a: nop
0x7f9891f62438: invalid instruction                                                   
0x7f9891f6243c: invalid instruction                                                   0x7f9891f7d00b: nop
0x7f9891f62440: cbz w18, 0x7f9891fc8a04                                               0x7f9891f7d00c: nop
0x7f9891f62444: b.eq 0x7f9891ff5024                                                   
0x7f9891f62448: fnmla z13.h, p7/m, z26.h, z4.h                                        
0x7f9891f6244c: ldpsw x18, x25, [x11, #0xffffffffffffff38]                            
0x7f9891f62450: invalid instruction                                                   
0x7f9891f62454: ldnp d20, d19, [x10, #0x30]                                           0x7f9891f7d00d: nop
0x7f9891f62458: b.nv 0x7f989202d224                                                   
0x7f9891f6245c: fnmls z1.h, p0/m, z19.h, z12.h                                        
0x7f9891f62460: invalid instruction                                                   
0x7f9891f62464: invalid instruction                                                   0x7f9891f7d00e: nop
0x7f9891f62468: invalid instruction                                                   0x7f9891f7d00f: nop
0x7f9891f6246c: invalid instruction                                                   0x7f9891f7d010: nop
0x7f9891f62470: invalid instruction                                                   0x7f9891f7d011: nop
0x7f9891f62474: invalid instruction                                                   0x7f9891f7d012: nop
0x7f9891f62478: fnmls z9.h, p4/m, z27.h, z20.h                                        0x7f9891f7d013: nop
0x7f9891f6247c: invalid instruction                                                   
0x7f9891f62480: fnmls z12.h, p3/m, z27.h, z14.h                                       0x7f9891f7d014: nop
0x7f9891f62484: ldnp d20, d24, [x10, #0xfffffffffffffe20]                             
0x7f9891f62488: udf #0x65                                                             
0x7f9891f6248c: udf #0x0                                                              
0x7f9891f62490: udf #0x2                                                              
0x7f9891f62494: udf #0x3                                                              
0x7f9891f62498: invalid instruction                                                   
0x7f9891f6249c: udf #0x0                                                              0x7f9891f7d015: nop
0x7f9891f624a0: invalid instruction                                                   
0x7f9891f624a4: udf #0x2d                                                             0x7f9891f7d016: nop
0x7f9891f624a8: udf #0x10                                                             
0x7f9891f624ac: udf #0x0                                                              
0x7f9891f624b0: invalid instruction                                                   
0x7f9891f624b4: invalid instruction                                                   0x7f9891f7d017: nop
0x7f9891f624b8: udf #0x37                                                             0x7f9891f7d018: nop
0x7f9891f624bc: udf #0x10                                                             
0x7f9891f624c0: invalid instruction                                                   
0x7f9891f624c4: invalid instruction                                                   0x7f9891f7d019: nop
0x7f9891f624c8: udf #0x42                                                             0x7f9891f7d01a: nop
0x7f9891f624cc: udf #0x0                                                              
0x7f9891f624d0: invalid instruction                                                   
0x7f9891f624d4: udf #0x0                                                              0x7f9891f7d01b: nop
0x7f9891f624d8: udf #0x403                                                            
0x7f9891f624dc: udf #0x0                                                              
0x7f9891f624e0: udf #0x7a0                                                            
0x7f9891f624e4: udf #0x0                                                              
0x7f9891f624e8: invalid instruction                                                   
0x7f9891f624ec: udf #0x0                                                              0x7f9891f7d01c: nop
0x7f9891f624f0: udf #0x403                                                            
0x7f9891f624f4: udf #0x0                                                              
0x7f9891f624f8: udf #0x74c                                                            
0x7f9891f624fc: udf #0x0                                                              
0x7f9891f62500: invalid instruction                                                   
0x7f9891f62504: udf #0x0                                                              0x7f9891f7d01d: nop
0x7f9891f62508: udf #0x403                                                            
0x7f9891f6250c: udf #0x0                                                              
0x7f9891f62510: udf #0x7a4                                                            
0x7f9891f62514: udf #0x0                                                              
0x7f9891f62518: invalid instruction                                                   
0x7f9891f6251c: udf #0x0                                                              0x7f9891f7d01e: nop
0x7f9891f62520: udf #0x403                                                            
0x7f9891f62524: udf #0x0                                                              
0x7f9891f62528: invalid instruction                                                   
0x7f9891f6252c: udf #0x0                                                              0x7f9891f7d01f: nop
0x7f9891f62530: invalid instruction                                                   
0x7f9891f62534: udf #0x0                                                              0x7f9891f7d020: nop
0x7f9891f62538: udf #0x401                                                            
0x7f9891f6253c: udf #0x4                                                              
0x7f9891f62540: udf #0x0                                                              
0x7f9891f62544: udf #0x0                                                              
0x7f9891f62548: invalid instruction                                                   
0x7f9891f6254c: udf #0x0                                                              0x7f9891f7d021: nop
0x7f9891f62550: udf #0x401                                                            
0x7f9891f62554: udf #0x5                                                              
0x7f9891f62558: udf #0x0                                                              
0x7f9891f6255c: udf #0x0                                                              
0x7f9891f62560: invalid instruction                                                   
0x7f9891f62564: udf #0x0                                                              0x7f9891f7d022: nop
0x7f9891f62568: udf #0x401                                                            
0x7f9891f6256c: udf #0x6                                                              
0x7f9891f62570: udf #0x0                                                              
0x7f9891f62574: udf #0x0                                                              
0x7f9891f62578: invalid instruction                                                   
0x7f9891f6257c: udf #0x0                                                              0x7f9891f7d023: nop
0x7f9891f62580: udf #0x401                                                            
0x7f9891f62584: udf #0x9                                                              
0x7f9891f62588: udf #0x0                                                              
0x7f9891f6258c: udf #0x0                                                              
0x7f9891f62590: invalid instruction                                                   
0x7f9891f62594: udf #0x0                                                              0x7f9891f7d024: nop
0x7f9891f62598: udf #0x402                                                            
0x7f9891f6259c: udf #0x3                                                              
0x7f9891f625a0: udf #0x0                                                              
0x7f9891f625a4: udf #0x0                                                              
0x7f9891f625a8: invalid instruction                                                   
0x7f9891f625ac: udf #0x0                                                              0x7f9891f7d025: nop
0x7f9891f625b0: udf #0x402                                                            
0x7f9891f625b4: udf #0x6                                                              
0x7f9891f625b8: udf #0x0                                                              
0x7f9891f625bc: udf #0x0                                                              
0x7f9891f625c0: invalid instruction                                                   
0x7f9891f625c4: udf #0x0                                                              0x7f9891f7d026: nop
0x7f9891f625c8: udf #0x402                                                            
0x7f9891f625cc: udf #0x7                                                              
0x7f9891f625d0: udf #0x0                                                              
0x7f9891f625d4: udf #0x0                                                              
0x7f9891f625d8: invalid instruction                                                   
0x7f9891f625dc: udf #0x0                                                              0x7f9891f7d027: (bad)
0x7f9891f625e0: udf #0x402                                                            
0x7f9891f625e4: udf #0x8                                                              
0x7f9891f625e8: udf #0x0                                                              
0x7f9891f625ec: udf #0x0                                                              
0x7f9891f625f0: paciasp                                                               
0x7f9891f625f4: stp fp, lr, [sp, #0xfffffffffffffff0]!                                
0x7f9891f625f8: mov fp, sp                                                            
0x7f9891f625fc: bl 0x7f9891f626b4                                                     
